[   24771ms] [INFO] %cDownload the React DevTools for a better development experience: https://react.dev/link/react-devtools font-weight:bold @ http://localhost:3000/_next/static/chunks/node_modules_next_dist_115brz8._.js:2477
[   24996ms] [LOG] [HMR] connected @ http://localhost:3000/_next/static/chunks/node_modules_next_dist_115brz8._.js:2477
[   25308ms] [LOG] [Fast Refresh] rebuilding @ http://localhost:3000/_next/static/chunks/node_modules_next_dist_115brz8._.js:2477
[   27493ms] [LOG] [Fast Refresh] done in 2334ms @ http://localhost:3000/_next/static/chunks/node_modules_next_dist_115brz8._.js:2477
[   43160ms] [LOG] [Fast Refresh] rebuilding @ http://localhost:3000/_next/static/chunks/node_modules_next_dist_115brz8._.js:2477
[   43188ms] [LOG] [Fast Refresh] done in 128ms @ http://localhost:3000/_next/static/chunks/node_modules_next_dist_115brz8._.js:2477
[   56890ms] [LOG] [Fast Refresh] rebuilding @ http://localhost:3000/_next/static/chunks/node_modules_next_dist_115brz8._.js:2477
[   57064ms] [LOG] [Fast Refresh] done in 275ms @ http://localhost:3000/_next/static/chunks/node_modules_next_dist_115brz8._.js:2477
[   63899ms] [LOG] [Fast Refresh] rebuilding @ http://localhost:3000/_next/static/chunks/node_modules_next_dist_115brz8._.js:2477
[   63917ms] [LOG] [Fast Refresh] done in 117ms @ http://localhost:3000/_next/static/chunks/node_modules_next_dist_115brz8._.js:2477
[   69188ms] [ERROR] WebSocket connection to 'ws://localhost:3000/_next/webpack-hmr?id=8R6x3p8VjMypIq29PH4Kk' failed: Error in connection establishment: net::ERR_CONNECTION_REFUSED @ http://localhost:3000/_next/static/chunks/node_modules_next_dist_client_0fhqo1d._.js:13322
[   70190ms] [ERROR] WebSocket connection to 'ws://localhost:3000/_next/webpack-hmr?id=8R6x3p8VjMypIq29PH4Kk' failed: Error in connection establishment: net::ERR_CONNECTION_REFUSED @ http://localhost:3000/_next/static/chunks/node_modules_next_dist_client_0fhqo1d._.js:13322
[   71192ms] [ERROR] WebSocket connection to 'ws://localhost:3000/_next/webpack-hmr?id=8R6x3p8VjMypIq29PH4Kk' failed: Error in connection establishment: net::ERR_CONNECTION_REFUSED @ http://localhost:3000/_next/static/chunks/node_modules_next_dist_client_0fhqo1d._.js:13322
[   72194ms] [ERROR] WebSocket connection to 'ws://localhost:3000/_next/webpack-hmr?id=8R6x3p8VjMypIq29PH4Kk' failed: Error in connection establishment: net::ERR_CONNECTION_REFUSED @ http://localhost:3000/_next/static/chunks/node_modules_next_dist_client_0fhqo1d._.js:13322
[   73196ms] [ERROR] WebSocket connection to 'ws://localhost:3000/_next/webpack-hmr?id=8R6x3p8VjMypIq29PH4Kk' failed: Error in connection establishment: net::ERR_CONNECTION_REFUSED @ http://localhost:3000/_next/static/chunks/node_modules_next_dist_client_0fhqo1d._.js:13322
[   78198ms] [ERROR] WebSocket connection to 'ws://localhost:3000/_next/webpack-hmr?id=8R6x3p8VjMypIq29PH4Kk' failed: Error in connection establishment: net::ERR_CONNECTION_REFUSED @ http://localhost:3000/_next/static/chunks/node_modules_next_dist_client_0fhqo1d._.js:13322
[   83200ms] [ERROR] WebSocket connection to 'ws://localhost:3000/_next/webpack-hmr?id=8R6x3p8VjMypIq29PH4Kk' failed: Error in connection establishment: net::ERR_CONNECTION_REFUSED @ http://localhost:3000/_next/static/chunks/node_modules_next_dist_client_0fhqo1d._.js:13322
[   88202ms] [ERROR] WebSocket connection to 'ws://localhost:3000/_next/webpack-hmr?id=8R6x3p8VjMypIq29PH4Kk' failed: Error in connection establishment: net::ERR_CONNECTION_REFUSED @ http://localhost:3000/_next/static/chunks/node_modules_next_dist_client_0fhqo1d._.js:13322
[   93204ms] [ERROR] WebSocket connection to 'ws://localhost:3000/_next/webpack-hmr?id=8R6x3p8VjMypIq29PH4Kk' failed: Error in connection establishment: net::ERR_CONNECTION_REFUSED @ http://localhost:3000/_next/static/chunks/node_modules_next_dist_client_0fhqo1d._.js:13322
[   98207ms] [ERROR] WebSocket connection to 'ws://localhost:3000/_next/webpack-hmr?id=8R6x3p8VjMypIq29PH4Kk' failed: Error in connection establishment: net::ERR_CONNECTION_REFUSED @ http://localhost:3000/_next/static/chunks/node_modules_next_dist_client_0fhqo1d._.js:13322
[  103259ms] [ERROR] WebSocket connection to 'ws://localhost:3000/_next/webpack-hmr?id=8R6x3p8VjMypIq29PH4Kk' failed: Error in connection establishment: net::ERR_CONNECTION_REFUSED @ http://localhost:3000/_next/static/chunks/node_modules_next_dist_client_0fhqo1d._.js:13322
[  108261ms] [ERROR] WebSocket connection to 'ws://localhost:3000/_next/webpack-hmr?id=8R6x3p8VjMypIq29PH4Kk' failed: Error in connection establishment: net::ERR_CONNECTION_REFUSED @ http://localhost:3000/_next/static/chunks/node_modules_next_dist_client_0fhqo1d._.js:13322
