[     541ms] [LOG] [Fast Refresh] rebuilding @ http://localhost:3000/_next/static/chunks/node_modules_next_dist_115brz8._.js:2477
[    1419ms] [LOG] [Fast Refresh] done in 977ms @ http://localhost:3000/_next/static/chunks/node_modules_next_dist_115brz8._.js:2477
[    2710ms] [INFO] %cDownload the React DevTools for a better development experience: https://react.dev/link/react-devtools font-weight:bold @ http://localhost:3000/_next/static/chunks/node_modules_next_dist_115brz8._.js:2477
[    2764ms] [LOG] [HMR] connected @ http://localhost:3000/_next/static/chunks/node_modules_next_dist_115brz8._.js:2477
[    2898ms] [LOG] [Fast Refresh] rebuilding @ http://localhost:3000/_next/static/chunks/node_modules_next_dist_115brz8._.js:2477
[    3257ms] [LOG] [Fast Refresh] done in 465ms @ http://localhost:3000/_next/static/chunks/node_modules_next_dist_115brz8._.js:2477
[    3801ms] [LOG] [Fast Refresh] rebuilding @ http://localhost:3000/_next/static/chunks/node_modules_next_dist_115brz8._.js:2477
[    3860ms] [LOG] [Fast Refresh] done in 160ms @ http://localhost:3000/_next/static/chunks/node_modules_next_dist_115brz8._.js:2477
[   22974ms] [LOG] [Fast Refresh] rebuilding @ http://localhost:3000/_next/static/chunks/node_modules_next_dist_115brz8._.js:2477
[   23067ms] [LOG] [Fast Refresh] done in 193ms @ http://localhost:3000/_next/static/chunks/node_modules_next_dist_115brz8._.js:2477
[   34862ms] [LOG] [Fast Refresh] rebuilding @ http://localhost:3000/_next/static/chunks/node_modules_next_dist_115brz8._.js:2477
[   34874ms] [LOG] [Fast Refresh] done in 113ms @ http://localhost:3000/_next/static/chunks/node_modules_next_dist_115brz8._.js:2477
[   60035ms] [ERROR] WebSocket connection to 'ws://localhost:3000/_next/webpack-hmr?id=8voOC4R4zp3CkclODGJQk' failed: Error in connection establishment: net::ERR_CONNECTION_REFUSED @ http://localhost:3000/_next/static/chunks/node_modules_next_dist_client_0fhqo1d._.js:13322
[   61037ms] [ERROR] WebSocket connection to 'ws://localhost:3000/_next/webpack-hmr?id=8voOC4R4zp3CkclODGJQk' failed: Error in connection establishment: net::ERR_CONNECTION_REFUSED @ http://localhost:3000/_next/static/chunks/node_modules_next_dist_client_0fhqo1d._.js:13322
[   62338ms] [ERROR] WebSocket connection to 'ws://localhost:3000/_next/webpack-hmr?id=8voOC4R4zp3CkclODGJQk' failed: Error in connection establishment: net::ERR_CONNECTION_REFUSED @ http://localhost:3000/_next/static/chunks/node_modules_next_dist_client_0fhqo1d._.js:13322
[   63341ms] [ERROR] WebSocket connection to 'ws://localhost:3000/_next/webpack-hmr?id=8voOC4R4zp3CkclODGJQk' failed: Error in connection establishment: net::ERR_CONNECTION_REFUSED @ http://localhost:3000/_next/static/chunks/node_modules_next_dist_client_0fhqo1d._.js:13322
[   64342ms] [ERROR] WebSocket connection to 'ws://localhost:3000/_next/webpack-hmr?id=8voOC4R4zp3CkclODGJQk' failed: Error in connection establishment: net::ERR_CONNECTION_REFUSED @ http://localhost:3000/_next/static/chunks/node_modules_next_dist_client_0fhqo1d._.js:13322
[   69344ms] [ERROR] WebSocket connection to 'ws://localhost:3000/_next/webpack-hmr?id=8voOC4R4zp3CkclODGJQk' failed: Error in connection establishment: net::ERR_CONNECTION_REFUSED @ http://localhost:3000/_next/static/chunks/node_modules_next_dist_client_0fhqo1d._.js:13322
[   74347ms] [ERROR] WebSocket connection to 'ws://localhost:3000/_next/webpack-hmr?id=8voOC4R4zp3CkclODGJQk' failed: Error in connection establishment: net::ERR_CONNECTION_REFUSED @ http://localhost:3000/_next/static/chunks/node_modules_next_dist_client_0fhqo1d._.js:13322
[   79350ms] [ERROR] WebSocket connection to 'ws://localhost:3000/_next/webpack-hmr?id=8voOC4R4zp3CkclODGJQk' failed: Error in connection establishment: net::ERR_CONNECTION_REFUSED @ http://localhost:3000/_next/static/chunks/node_modules_next_dist_client_0fhqo1d._.js:13322
[   84351ms] [ERROR] WebSocket connection to 'ws://localhost:3000/_next/webpack-hmr?id=8voOC4R4zp3CkclODGJQk' failed: Error in connection establishment: net::ERR_CONNECTION_REFUSED @ http://localhost:3000/_next/static/chunks/node_modules_next_dist_client_0fhqo1d._.js:13322
[   89354ms] [ERROR] WebSocket connection to 'ws://localhost:3000/_next/webpack-hmr?id=8voOC4R4zp3CkclODGJQk' failed: Error in connection establishment: net::ERR_CONNECTION_REFUSED @ http://localhost:3000/_next/static/chunks/node_modules_next_dist_client_0fhqo1d._.js:13322
[   94357ms] [ERROR] WebSocket connection to 'ws://localhost:3000/_next/webpack-hmr?id=8voOC4R4zp3CkclODGJQk' failed: Error in connection establishment: net::ERR_CONNECTION_REFUSED @ http://localhost:3000/_next/static/chunks/node_modules_next_dist_client_0fhqo1d._.js:13322
[   99359ms] [ERROR] WebSocket connection to 'ws://localhost:3000/_next/webpack-hmr?id=8voOC4R4zp3CkclODGJQk' failed: Error in connection establishment: net::ERR_CONNECTION_REFUSED @ http://localhost:3000/_next/static/chunks/node_modules_next_dist_client_0fhqo1d._.js:13322
